       N1   N2        N3        N4         T1         T2        T3         T4
[1,] 0.88 0.56 0.6153846 0.5925926 0.93333333 0.90196078 0.8484848 0.95833333
[2,] 0.12 0.44 0.3846154 0.4074074 0.06666667 0.09803922 0.1515152 0.04166667

